// Jest Snapshot v1, https://goo.gl/fbAQLP

exports[`RepositoriesHeader renders the component 1`] = `
<div
  className="reposHeader"
>
  <h2>
    Repositories
  </h2>
  <div>
    Found 
     repositories. Showing top 
    .
  </div>
  <select
    id="sortList"
    onChange={undefined}
  >
    <option
      value="0"
    >
      Most recent first
    </option>
    <option
      value="1"
    >
      Oldest first
    </option>
  </select>
</div>
`;
